// Jest Snapshot v1, https://goo.gl/fbAQLP

exports[`<AnimatedTree> renders correctly 1`] = `
<Animated
  duration={500}
  easing={[Function]}
  gProps={
    Object {
      "className": "node",
    }
  }
  getChildren={[Function]}
  height={100}
  keyProp="name"
  labelProp="name"
  links={
    Array [
      Object {
        "source": Node {
          "children": Array [
            Node {
              "data": Object {
                "name": "Black",
              },
              "depth": 1,
              "height": 0,
              "parent": [Circular],
              "x": 40,
              "y": 40,
            },
          ],
          "data": Object {
            "childs": Array [
              Object {
                "name": "Black",
              },
            ],
            "name": "Colour",
          },
          "depth": 0,
          "height": 1,
          "parent": null,
          "x": 40,
          "y": 10,
        },
        "target": Node {
          "data": Object {
            "name": "Black",
          },
          "depth": 1,
          "height": 0,
          "parent": Node {
            "children": Array [
              [Circular],
            ],
            "data": Object {
              "childs": Array [
                Object {
                  "name": "Black",
                },
              ],
              "name": "Colour",
            },
            "depth": 0,
            "height": 1,
            "parent": null,
            "x": 40,
            "y": 10,
          },
          "x": 40,
          "y": 40,
        },
      },
    ]
  }
  nodeProps={Object {}}
  nodeShape="circle"
  nodes={
    Array [
      Node {
        "children": Array [
          Node {
            "data": Object {
              "name": "Black",
            },
            "depth": 1,
            "height": 0,
            "parent": [Circular],
            "x": 40,
            "y": 40,
          },
        ],
        "data": Object {
          "childs": Array [
            Object {
              "name": "Black",
            },
          ],
          "name": "Colour",
        },
        "depth": 0,
        "height": 1,
        "parent": null,
        "x": 40,
        "y": 10,
      },
      Node {
        "data": Object {
          "name": "Black",
        },
        "depth": 1,
        "height": 0,
        "parent": Node {
          "children": Array [
            [Circular],
          ],
          "data": Object {
            "childs": Array [
              Object {
                "name": "Black",
              },
            ],
            "name": "Colour",
          },
          "depth": 0,
          "height": 1,
          "parent": null,
          "x": 40,
          "y": 10,
        },
        "x": 40,
        "y": 40,
      },
    ]
  }
  pathProps={
    Object {
      "className": "link",
    }
  }
  steps={20}
  svgProps={Object {}}
  textProps={Object {}}
  width={200}
/>
`;
