// Jest Snapshot v1, https://goo.gl/fbAQLP

exports[`<Tree> renders correctly 1`] = `
<Container
  animated={false}
  gProps={
    {
      "className": "node",
    }
  }
  getChildren={[Function]}
  height={100}
  keyProp="name"
  labelProp="name"
  links={
    [
      {
        "source": Node {
          "children": [
            Node {
              "data": {
                "name": "Black",
              },
              "depth": 1,
              "height": 0,
              "parent": [Circular],
              "x": 40,
              "y": 40,
            },
          ],
          "data": {
            "childs": [
              {
                "name": "Black",
              },
            ],
            "name": "Colour",
          },
          "depth": 0,
          "height": 1,
          "parent": null,
          "x": 40,
          "y": 10,
        },
        "target": Node {
          "data": {
            "name": "Black",
          },
          "depth": 1,
          "height": 0,
          "parent": Node {
            "children": [
              [Circular],
            ],
            "data": {
              "childs": [
                {
                  "name": "Black",
                },
              ],
              "name": "Colour",
            },
            "depth": 0,
            "height": 1,
            "parent": null,
            "x": 40,
            "y": 10,
          },
          "x": 40,
          "y": 40,
        },
      },
    ]
  }
  nodeProps={{}}
  nodeShape="circle"
  nodes={
    [
      Node {
        "children": [
          Node {
            "data": {
              "name": "Black",
            },
            "depth": 1,
            "height": 0,
            "parent": [Circular],
            "x": 40,
            "y": 40,
          },
        ],
        "data": {
          "childs": [
            {
              "name": "Black",
            },
          ],
          "name": "Colour",
        },
        "depth": 0,
        "height": 1,
        "parent": null,
        "x": 40,
        "y": 10,
      },
      Node {
        "data": {
          "name": "Black",
        },
        "depth": 1,
        "height": 0,
        "parent": Node {
          "children": [
            [Circular],
          ],
          "data": {
            "childs": [
              {
                "name": "Black",
              },
            ],
            "name": "Colour",
          },
          "depth": 0,
          "height": 1,
          "parent": null,
          "x": 40,
          "y": 10,
        },
        "x": 40,
        "y": 40,
      },
    ]
  }
  pathProps={
    {
      "className": "link",
    }
  }
  svgProps={{}}
  textProps={{}}
  width={200}
/>
`;
